   1 FROM almalinux:9
   1 FROM alpine:3.11
   1 FROM alpine:3.14.0
   1 FROM alpine:3.14.0 as build-sbt
   1 FROM alpine:3.15 as build
   1 FROM alpine:3.18 as build
   1 FROM amazonlinux:2
   1 FROM debian:11-slim
   1 FROM debian:buster-slim
   1 FROM docker.io/alpine:3.11.3
   1 FROM docker.io/alpine:3.11.3 AS jsonnet-builder
   1 FROM docker.io/python:3.6.5-alpine
   1 FROM golang:1.15.15-buster as build
   1 FROM greenbone/gsa:${VERSION}
   1 FROM greenbone/gvm-libs:${VERSION}
   1 FROM greenbone/gvm-libs:${VERSION} as builder
   1 FROM greenbone/gvmd:${VERSION}
   1 FROM grepplabs/kafka-proxy:$VERSION
   1 FROM hiya-docker-registry.jfrog.io/coretech/debian-prometheus:1.0
   1 FROM hiya-docker-registry.jfrog.io/ext/operator-framework/helm-operator:1.28.0
   1 FROM hiya-docker-registry.jfrog.io/external/docker.io/alpine:3.12.1
   1 FROM hiya-docker-registry.jfrog.io/external/docker.io/alpine:3.13
   1 FROM hiya-docker-registry.jfrog.io/external/docker.io/confluentinc/cp-kafka-connect:7.0.1
   1 FROM hiya-docker-registry.jfrog.io/external/docker.io/openresty/openresty:1.15.8.2-alpine-fat
   1 FROM hiya-docker-registry.jfrog.io/external/docker.io/python:3.6.5-alpine
   1 FROM hiya-docker-registry.jfrog.io/platform/debian-base:8.8-1
   1 FROM openjdk:8u322-jre
   1 FROM openresty/openresty:1.19.9.1-7-alpine-aarch64
   1 FROM quay.io/operator-framework/ansible-operator:v1.25.0
   1 FROM quay.io/strimzi/kafka:0.32.0-kafka-3.3.1
   1 FROM scratch
   2 FROM almalinux:9-minimal
   2 FROM alpine:3.13
   3 FROM debian:11
   4 FROM alpine:3.17
   5 FROM alpine:3.16
   7 FROM alpine:3.15
   7 FROM alpine:3.18